Archive member included because of file (symbol)

c:/winavr-20100110/bin/../lib/gcc/avr/4.3.3/avr5\libgcc.a(_udivmodqi4.o)
                              ./src/stopwatch.o (__udivmodqi4)
c:/winavr-20100110/bin/../lib/gcc/avr/4.3.3/avr5\libgcc.a(_exit.o)
                              c:/winavr-20100110/bin/../lib/gcc/avr/4.3.3/../../../../avr/lib/avr5/crtm32.o (exit)
c:/winavr-20100110/bin/../lib/gcc/avr/4.3.3/avr5\libgcc.a(_clear_bss.o)
                              ./src/external_interrupts.o (__do_clear_bss)

Allocating common symbols
Common symbol       size              file

ptr2_int_2_flag     0x2               ./src/external_interrupts.o
sec_dec_button      0x4               ./src/stopwatch.o
hour_inc_button     0x4               ./src/stopwatch.o
hour_dec_button     0x4               ./src/stopwatch.o
min_inc_button      0x4               ./src/stopwatch.o
ptr2_int_1_flag     0x2               ./src/external_interrupts.o
display             0xd               ./src/stopwatch.o
mode_button         0x4               ./src/stopwatch.o
min_dec_button      0x4               ./src/stopwatch.o
ptr2_int_0_flag     0x2               ./src/external_interrupts.o
sec_inc_button      0x4               ./src/stopwatch.o

Memory Configuration

Name             Origin             Length             Attributes
text             0x00000000         0x00020000         xr
data             0x00800060         0x0000ffa0         rw !x
eeprom           0x00810000         0x00010000         rw !x
fuse             0x00820000         0x00000400         rw !x
lock             0x00830000         0x00000400         rw !x
signature        0x00840000         0x00000400         rw !x
*default*        0x00000000         0xffffffff

Linker script and memory map

LOAD c:/winavr-20100110/bin/../lib/gcc/avr/4.3.3/../../../../avr/lib/avr5/crtm32.o
LOAD ./src/external_interrupts.o
LOAD ./src/gpio.o
LOAD ./src/multi_7_segment.o
LOAD ./src/pushbutton.o
LOAD ./src/stopwatch.o
LOAD ./src/timer_0.o
LOAD ./src/timer_1.o
LOAD ./.metadata/.plugins/org.eclipse.cdt.make.core/specs.o
LOAD c:/winavr-20100110/bin/../lib/gcc/avr/4.3.3/avr5\libgcc.a
LOAD c:/winavr-20100110/bin/../lib/gcc/avr/4.3.3/../../../../avr/lib/avr5\libc.a
LOAD c:/winavr-20100110/bin/../lib/gcc/avr/4.3.3/avr5\libgcc.a

.hash
 *(.hash)

.dynsym
 *(.dynsym)

.dynstr
 *(.dynstr)

.gnu.version
 *(.gnu.version)

.gnu.version_d
 *(.gnu.version_d)

.gnu.version_r
 *(.gnu.version_r)

.rel.init
 *(.rel.init)

.rela.init
 *(.rela.init)

.rel.text
 *(.rel.text)
 *(.rel.text.*)
 *(.rel.gnu.linkonce.t*)

.rela.text
 *(.rela.text)
 *(.rela.text.*)
 *(.rela.gnu.linkonce.t*)

.rel.fini
 *(.rel.fini)

.rela.fini
 *(.rela.fini)

.rel.rodata
 *(.rel.rodata)
 *(.rel.rodata.*)
 *(.rel.gnu.linkonce.r*)

.rela.rodata
 *(.rela.rodata)
 *(.rela.rodata.*)
 *(.rela.gnu.linkonce.r*)

.rel.data
 *(.rel.data)
 *(.rel.data.*)
 *(.rel.gnu.linkonce.d*)

.rela.data
 *(.rela.data)
 *(.rela.data.*)
 *(.rela.gnu.linkonce.d*)

.rel.ctors
 *(.rel.ctors)

.rela.ctors
 *(.rela.ctors)

.rel.dtors
 *(.rel.dtors)

.rela.dtors
 *(.rela.dtors)

.rel.got
 *(.rel.got)

.rela.got
 *(.rela.got)

.rel.bss
 *(.rel.bss)

.rela.bss
 *(.rela.bss)

.rel.plt
 *(.rel.plt)

.rela.plt
 *(.rela.plt)

.text           0x00000000     0x13e0
 *(.vectors)
 .vectors       0x00000000       0x54 c:/winavr-20100110/bin/../lib/gcc/avr/4.3.3/../../../../avr/lib/avr5/crtm32.o
                0x00000000                __vectors
                0x00000000                __vector_default
 *(.vectors)
 *(.progmem.gcc*)
 *(.progmem*)
                0x00000054                . = ALIGN (0x2)
                0x00000054                __trampolines_start = .
 *(.trampolines)
 .trampolines   0x00000054        0x0 linker stubs
 *(.trampolines*)
                0x00000054                __trampolines_end = .
 *(.jumptables)
 *(.jumptables*)
 *(.lowtext)
 *(.lowtext*)
                0x00000054                __ctors_start = .
 *(.ctors)
                0x00000054                __ctors_end = .
                0x00000054                __dtors_start = .
 *(.dtors)
                0x00000054                __dtors_end = .
 SORT(*)(.ctors)
 SORT(*)(.dtors)
 *(.init0)
 .init0         0x00000054        0x0 c:/winavr-20100110/bin/../lib/gcc/avr/4.3.3/../../../../avr/lib/avr5/crtm32.o
                0x00000054                __init
 *(.init0)
 *(.init1)
 *(.init1)
 *(.init2)
 .init2         0x00000054        0xc c:/winavr-20100110/bin/../lib/gcc/avr/4.3.3/../../../../avr/lib/avr5/crtm32.o
 *(.init2)
 *(.init3)
 *(.init3)
 *(.init4)
 .init4         0x00000060       0x10 c:/winavr-20100110/bin/../lib/gcc/avr/4.3.3/avr5\libgcc.a(_clear_bss.o)
                0x00000060                __do_clear_bss
 *(.init4)
 *(.init5)
 *(.init5)
 *(.init6)
 *(.init6)
 *(.init7)
 *(.init7)
 *(.init8)
 *(.init8)
 *(.init9)
 .init9         0x00000070        0x8 c:/winavr-20100110/bin/../lib/gcc/avr/4.3.3/../../../../avr/lib/avr5/crtm32.o
 *(.init9)
 *(.text)
 .text          0x00000078        0x4 c:/winavr-20100110/bin/../lib/gcc/avr/4.3.3/../../../../avr/lib/avr5/crtm32.o
                0x00000078                __vector_12
                0x00000078                __bad_interrupt
                0x00000078                __vector_6
                0x00000078                __vector_11
                0x00000078                __vector_13
                0x00000078                __vector_17
                0x00000078                __vector_19
                0x00000078                __vector_5
                0x00000078                __vector_4
                0x00000078                __vector_9
                0x00000078                __vector_15
                0x00000078                __vector_8
                0x00000078                __vector_14
                0x00000078                __vector_16
                0x00000078                __vector_18
                0x00000078                __vector_20
 .text          0x0000007c        0x0 ./src/external_interrupts.o
 .text          0x0000007c        0x0 ./src/gpio.o
 .text          0x0000007c        0x0 ./src/multi_7_segment.o
 .text          0x0000007c        0x0 ./src/pushbutton.o
 .text          0x0000007c        0x0 ./src/stopwatch.o
 .text          0x0000007c        0x0 ./src/timer_0.o
 .text          0x0000007c        0x0 ./src/timer_1.o
 .text          0x0000007c        0x0 ./.metadata/.plugins/org.eclipse.cdt.make.core/specs.o
 .text          0x0000007c        0x0 c:/winavr-20100110/bin/../lib/gcc/avr/4.3.3/avr5\libgcc.a(_udivmodqi4.o)
 .text          0x0000007c        0x0 c:/winavr-20100110/bin/../lib/gcc/avr/4.3.3/avr5\libgcc.a(_exit.o)
 .text          0x0000007c        0x0 c:/winavr-20100110/bin/../lib/gcc/avr/4.3.3/avr5\libgcc.a(_clear_bss.o)
                0x0000007c                . = ALIGN (0x2)
 *(.text.*)
 .text.INT_0_Init
                0x0000007c       0x58 ./src/external_interrupts.o
                0x0000007c                INT_0_Init
 .text.INT_1_Init
                0x000000d4       0x58 ./src/external_interrupts.o
                0x000000d4                INT_1_Init
 .text.INT_2_Init
                0x0000012c       0x28 ./src/external_interrupts.o
                0x0000012c                INT_2_Init
 .text.__vector_1
                0x00000154       0x2c ./src/external_interrupts.o
                0x00000154                __vector_1
 .text.__vector_2
                0x00000180       0x2c ./src/external_interrupts.o
                0x00000180                __vector_2
 .text.__vector_3
                0x000001ac       0x2c ./src/external_interrupts.o
                0x000001ac                __vector_3
 .text.GPIO_SetPinDirection
                0x000001d8      0x192 ./src/gpio.o
                0x000001d8                GPIO_SetPinDirection
 .text.GPIO_WritePin
                0x0000036a       0xfa ./src/gpio.o
                0x0000036a                GPIO_WritePin
 .text.GPIO_TooglePin
                0x00000464       0x6e ./src/gpio.o
                0x00000464                GPIO_TooglePin
 .text.GPIO_ReadPin
                0x000004d2       0x72 ./src/gpio.o
                0x000004d2                GPIO_ReadPin
 .text.Disp_7_Segment
                0x00000544      0x104 ./src/multi_7_segment.o
                0x00000544                Disp_7_Segment
 .text.Seven_Seg_INIT
                0x00000648       0x3e ./src/multi_7_segment.o
                0x00000648                Seven_Seg_INIT
 .text.Pushbutton_Pressed
                0x00000686       0x2e ./src/pushbutton.o
                0x00000686                Pushbutton_Pressed
 .text.Pushbutton_Init
                0x000006b4       0x26 ./src/pushbutton.o
                0x000006b4                Pushbutton_Init
 .text.Timer1_Counter_INC
                0x000006da       0x40 ./src/stopwatch.o
                0x000006da                Timer1_Counter_INC
 .text.Timer1_Counter_DEC
                0x0000071a       0x72 ./src/stopwatch.o
                0x0000071a                Timer1_Counter_DEC
 .text.StopWatch_Reset_time
                0x0000078c       0x10 ./src/stopwatch.o
                0x0000078c                StopWatch_Reset_time
 .text.INC_MIN  0x0000079c       0x24 ./src/stopwatch.o
                0x0000079c                INC_MIN
 .text.DEC_MIN  0x000007c0       0x2e ./src/stopwatch.o
                0x000007c0                DEC_MIN
 .text.INC_HOUR
                0x000007ee       0x1a ./src/stopwatch.o
                0x000007ee                INC_HOUR
 .text.DEC_HOUR
                0x00000808       0x14 ./src/stopwatch.o
                0x00000808                DEC_HOUR
 .text.Init_display
                0x0000081c       0x56 ./src/stopwatch.o
                0x0000081c                Init_display
 .text.Handle_End_Count_Down
                0x00000872       0x26 ./src/stopwatch.o
                0x00000872                Handle_End_Count_Down
 .text.Handle_Button_Presses
                0x00000898      0x10c ./src/stopwatch.o
                0x00000898                Handle_Button_Presses
 .text.Init_Stopwatch_Buttons
                0x000009a4       0x64 ./src/stopwatch.o
                0x000009a4                Init_Stopwatch_Buttons
 .text.Interrupt_INIT
                0x00000a08       0x20 ./src/stopwatch.o
                0x00000a08                Interrupt_INIT
 .text.GPIO_Init
                0x00000a28       0x34 ./src/stopwatch.o
                0x00000a28                GPIO_Init
 .text.Display_time
                0x00000a5c       0x54 ./src/stopwatch.o
                0x00000a5c                Display_time
 .text.INC_SEC  0x00000ab0       0x40 ./src/stopwatch.o
                0x00000ab0                INC_SEC
 .text.DEC_SEC  0x00000af0       0x72 ./src/stopwatch.o
                0x00000af0                DEC_SEC
 .text.StopWatch_Adjust_Time
                0x00000b62      0x172 ./src/stopwatch.o
                0x00000b62                StopWatch_Adjust_Time
 .text.main     0x00000cd4      0x272 ./src/stopwatch.o
                0x00000cd4                main
 .text.StopWatch_StateMachine
                0x00000f46      0x10c ./src/stopwatch.o
                0x00000f46                StopWatch_StateMachine
 .text.__vector_10
                0x00001052       0xde ./src/timer_0.o
                0x00001052                __vector_10
 .text.Timer0_Init_CTC_Mode
                0x00001130       0x12 ./src/timer_0.o
                0x00001130                Timer0_Init_CTC_Mode
 .text.millis   0x00001142       0x22 ./src/timer_0.o
                0x00001142                millis
 .text.delay    0x00001164      0x1d4 ./src/timer_0.o
                0x00001164                delay
 .text.__vector_7
                0x00001338       0x4e ./src/timer_1.o
                0x00001338                __vector_7
 .text.Timer1_Init_CTC_Mode
                0x00001386       0x18 ./src/timer_1.o
                0x00001386                Timer1_Init_CTC_Mode
 .text.set_CallBack
                0x0000139e        0xa ./src/timer_1.o
                0x0000139e                set_CallBack
 .text.Timer1_OFF
                0x000013a8       0x14 ./src/timer_1.o
                0x000013a8                Timer1_OFF
 .text.Timer1_ON
                0x000013bc        0x8 ./src/timer_1.o
                0x000013bc                Timer1_ON
 .text.libgcc   0x000013c4       0x18 c:/winavr-20100110/bin/../lib/gcc/avr/4.3.3/avr5\libgcc.a(_udivmodqi4.o)
                0x000013c4                __udivmodqi4
 .text.libgcc   0x000013dc        0x0 c:/winavr-20100110/bin/../lib/gcc/avr/4.3.3/avr5\libgcc.a(_exit.o)
 .text.libgcc   0x000013dc        0x0 c:/winavr-20100110/bin/../lib/gcc/avr/4.3.3/avr5\libgcc.a(_clear_bss.o)
                0x000013dc                . = ALIGN (0x2)
 *(.fini9)
 .fini9         0x000013dc        0x0 c:/winavr-20100110/bin/../lib/gcc/avr/4.3.3/avr5\libgcc.a(_exit.o)
                0x000013dc                exit
                0x000013dc                _exit
 *(.fini9)
 *(.fini8)
 *(.fini8)
 *(.fini7)
 *(.fini7)
 *(.fini6)
 *(.fini6)
 *(.fini5)
 *(.fini5)
 *(.fini4)
 *(.fini4)
 *(.fini3)
 *(.fini3)
 *(.fini2)
 *(.fini2)
 *(.fini1)
 *(.fini1)
 *(.fini0)
 .fini0         0x000013dc        0x4 c:/winavr-20100110/bin/../lib/gcc/avr/4.3.3/avr5\libgcc.a(_exit.o)
 *(.fini0)
                0x000013e0                _etext = .

.data           0x00800060        0x0 load address 0x000013e0
                0x00800060                PROVIDE (__data_start, .)
 *(.data)
 .data          0x00800060        0x0 c:/winavr-20100110/bin/../lib/gcc/avr/4.3.3/../../../../avr/lib/avr5/crtm32.o
 .data          0x00800060        0x0 ./src/external_interrupts.o
 .data          0x00800060        0x0 ./src/gpio.o
 .data          0x00800060        0x0 ./src/multi_7_segment.o
 .data          0x00800060        0x0 ./src/pushbutton.o
 .data          0x00800060        0x0 ./src/stopwatch.o
 .data          0x00800060        0x0 ./src/timer_0.o
 .data          0x00800060        0x0 ./src/timer_1.o
 .data          0x00800060        0x0 ./.metadata/.plugins/org.eclipse.cdt.make.core/specs.o
 .data          0x00800060        0x0 c:/winavr-20100110/bin/../lib/gcc/avr/4.3.3/avr5\libgcc.a(_udivmodqi4.o)
 .data          0x00800060        0x0 c:/winavr-20100110/bin/../lib/gcc/avr/4.3.3/avr5\libgcc.a(_exit.o)
 .data          0x00800060        0x0 c:/winavr-20100110/bin/../lib/gcc/avr/4.3.3/avr5\libgcc.a(_clear_bss.o)
 *(.data*)
 *(.rodata)
 *(.rodata*)
 *(.gnu.linkonce.d*)
                0x00800060                . = ALIGN (0x2)
                0x00800060                _edata = .
                0x00800060                PROVIDE (__data_end, .)

.bss            0x00800060       0x4b
                0x00800060                PROVIDE (__bss_start, .)
 *(.bss)
 .bss           0x00800060        0x0 c:/winavr-20100110/bin/../lib/gcc/avr/4.3.3/../../../../avr/lib/avr5/crtm32.o
 .bss           0x00800060        0x0 ./src/external_interrupts.o
 .bss           0x00800060        0x0 ./src/gpio.o
 .bss           0x00800060        0x0 ./src/multi_7_segment.o
 .bss           0x00800060        0x0 ./src/pushbutton.o
 .bss           0x00800060        0x0 ./src/stopwatch.o
 .bss           0x00800060        0x0 ./src/timer_0.o
 .bss           0x00800060        0x0 ./src/timer_1.o
 .bss           0x00800060        0x0 ./.metadata/.plugins/org.eclipse.cdt.make.core/specs.o
 .bss           0x00800060        0x0 c:/winavr-20100110/bin/../lib/gcc/avr/4.3.3/avr5\libgcc.a(_udivmodqi4.o)
 .bss           0x00800060        0x0 c:/winavr-20100110/bin/../lib/gcc/avr/4.3.3/avr5\libgcc.a(_exit.o)
 .bss           0x00800060        0x0 c:/winavr-20100110/bin/../lib/gcc/avr/4.3.3/avr5\libgcc.a(_clear_bss.o)
 *(.bss*)
 .bss.g_7_segment_disp
                0x00800060        0x2 ./src/multi_7_segment.o
                0x00800060                g_7_segment_disp
 .bss.g_time    0x00800062        0x3 ./src/stopwatch.o
                0x00800062                g_time
 .bss.g_interrupt_0_flag_reset
                0x00800065        0x1 ./src/stopwatch.o
                0x00800065                g_interrupt_0_flag_reset
 .bss.g_interrupt_1_flag_pause
                0x00800066        0x1 ./src/stopwatch.o
                0x00800066                g_interrupt_1_flag_pause
 .bss.g_interrupt_2_flag_resume
                0x00800067        0x1 ./src/stopwatch.o
                0x00800067                g_interrupt_2_flag_resume
 .bss.g_end_countdown_flag
                0x00800068        0x1 ./src/stopwatch.o
                0x00800068                g_end_countdown_flag
 .bss.g_reset   0x00800069        0x1 ./src/stopwatch.o
                0x00800069                g_reset
 .bss.g_disp_data
                0x0080006a        0x6 ./src/stopwatch.o
                0x0080006a                g_disp_data
 .bss.stateMachine
                0x00800070        0x1 ./src/stopwatch.o
                0x00800070                stateMachine
 .bss.previousState
                0x00800071        0x1 ./src/stopwatch.o
                0x00800071                previousState
 .bss.time_ms   0x00800072        0x8 ./src/timer_0.o
                0x00800072                time_ms
 .bss.PTR2_Timer1_CallBack
                0x0080007a        0x2 ./src/timer_1.o
 *(COMMON)
 COMMON         0x0080007c        0x6 ./src/external_interrupts.o
                0x0080007c                ptr2_int_2_flag
                0x0080007e                ptr2_int_1_flag
                0x00800080                ptr2_int_0_flag
 COMMON         0x00800082       0x29 ./src/stopwatch.o
                0x00800082                sec_dec_button
                0x00800086                hour_inc_button
                0x0080008a                hour_dec_button
                0x0080008e                min_inc_button
                0x00800092                display
                0x0080009f                mode_button
                0x008000a3                min_dec_button
                0x008000a7                sec_inc_button
                0x008000ab                PROVIDE (__bss_end, .)
                0x000013e0                __data_load_start = LOADADDR (.data)
                0x000013e0                __data_load_end = (__data_load_start + SIZEOF (.data))

.noinit         0x008000ab        0x0
                0x008000ab                PROVIDE (__noinit_start, .)
 *(.noinit*)
                0x008000ab                PROVIDE (__noinit_end, .)
                0x008000ab                _end = .
                0x008000ab                PROVIDE (__heap_start, .)

.eeprom         0x00810000        0x0
 *(.eeprom*)
                0x00810000                __eeprom_end = .

.fuse
 *(.fuse)
 *(.lfuse)
 *(.hfuse)
 *(.efuse)

.lock
 *(.lock*)

.signature
 *(.signature*)

.stab           0x00000000     0x26f4
 *(.stab)
 .stab          0x00000000      0x654 ./src/external_interrupts.o
 .stab          0x00000654      0x4b0 ./src/gpio.o
                                0x6a8 (size before relaxing)
 .stab          0x00000b04      0x2dc ./src/multi_7_segment.o
                                0x4d4 (size before relaxing)
 .stab          0x00000de0      0x27c ./src/pushbutton.o
                                0x474 (size before relaxing)
 .stab          0x0000105c     0x10c8 ./src/stopwatch.o
                               0x1314 (size before relaxing)
 .stab          0x00002124      0x270 ./src/timer_0.o
                                0x42c (size before relaxing)
 .stab          0x00002394      0x288 ./src/timer_1.o
                                0x48c (size before relaxing)
 .stab          0x0000261c       0xd8 ./.metadata/.plugins/org.eclipse.cdt.make.core/specs.o
                                 0xe4 (size before relaxing)

.stabstr        0x00000000     0x11da
 *(.stabstr)
 .stabstr       0x00000000     0x11da ./src/external_interrupts.o

.stab.excl
 *(.stab.excl)

.stab.exclstr
 *(.stab.exclstr)

.stab.index
 *(.stab.index)

.stab.indexstr
 *(.stab.indexstr)

.comment
 *(.comment)

.debug
 *(.debug)

.line
 *(.line)

.debug_srcinfo
 *(.debug_srcinfo)

.debug_sfnames
 *(.debug_sfnames)

.debug_aranges
 *(.debug_aranges)

.debug_pubnames
 *(.debug_pubnames)

.debug_info
 *(.debug_info)
 *(.gnu.linkonce.wi.*)

.debug_abbrev
 *(.debug_abbrev)

.debug_line
 *(.debug_line)

.debug_frame
 *(.debug_frame)

.debug_str
 *(.debug_str)

.debug_loc
 *(.debug_loc)

.debug_macinfo
 *(.debug_macinfo)
OUTPUT(project.elf elf32-avr)
LOAD linker stubs
